[0m12:24:18.340864 [debug] [MainThread]: Sending event: {'category': 'dbt', 'action': 'invocation', 'label': 'start', 'context': [<snowplow_tracker.self_describing_json.SelfDescribingJson object at 0x000001DAAB420D70>, <snowplow_tracker.self_describing_json.SelfDescribingJson object at 0x000001DAABCC9BD0>, <snowplow_tracker.self_describing_json.SelfDescribingJson object at 0x000001DAAD417ED0>]}


============================== 12:24:18.349110 | f98eba9d-2aac-4feb-a83d-9bf91d59da4c ==============================
[0m12:24:18.349110 [info ] [MainThread]: Running with dbt=1.10.13
[0m12:24:18.349788 [debug] [MainThread]: running dbt with arguments {'version_check': 'True', 'no_print': 'None', 'static_parser': 'True', 'warn_error_options': 'WarnErrorOptionsV2(error=[], warn=[], silence=[])', 'target_path': 'None', 'printer_width': '80', 'write_json': 'True', 'introspect': 'True', 'log_cache_events': 'False', 'empty': 'None', 'cache_selected_only': 'False', 'log_format': 'default', 'debug': 'False', 'fail_fast': 'False', 'partial_parse': 'True', 'send_anonymous_usage_stats': 'True', 'quiet': 'False', 'warn_error': 'None', 'profiles_dir': 'C:\\Users\\endro\\.dbt', 'invocation_command': 'dbt init dlnerds_store', 'indirect_selection': 'eager', 'use_colors': 'True', 'use_experimental_parser': 'False', 'log_path': 'logs'}
[0m12:24:18.473995 [debug] [MainThread]: Starter project path: C:\Users\endro\Desktop\dbt_project\dbt_project\.venv\Lib\site-packages\dbt\include\starter_project
[0m12:24:18.493630 [info ] [MainThread]: 
Your new dbt project "dlnerds_store" was created!

For more information on how to configure the profiles.yml file,
please consult the dbt documentation here:

  https://docs.getdbt.com/docs/configure-your-profile

One more thing:

Need help? Don't hesitate to reach out to us via GitHub issues or on Slack:

  https://community.getdbt.com/

Happy modeling!

[0m12:24:18.494155 [info ] [MainThread]: Setting up your profile.
[0m12:24:45.516282 [debug] [MainThread]: Command `dbt init` succeeded at 12:24:45.516133 after 27.24 seconds
[0m12:24:45.516576 [debug] [MainThread]: Sending event: {'category': 'dbt', 'action': 'invocation', 'label': 'end', 'context': [<snowplow_tracker.self_describing_json.SelfDescribingJson object at 0x000001DAAD471F30>, <snowplow_tracker.self_describing_json.SelfDescribingJson object at 0x000001DAAB3F3410>, <snowplow_tracker.self_describing_json.SelfDescribingJson object at 0x000001DAAD4BB350>]}
[0m12:24:45.516850 [debug] [MainThread]: Flushing usage events
[0m12:24:45.742776 [debug] [MainThread]: An error was encountered while trying to flush usage events
[0m12:25:36.655718 [debug] [MainThread]: Sending event: {'category': 'dbt', 'action': 'invocation', 'label': 'start', 'context': [<snowplow_tracker.self_describing_json.SelfDescribingJson object at 0x000001CA52000D70>, <snowplow_tracker.self_describing_json.SelfDescribingJson object at 0x000001CA528A9BD0>, <snowplow_tracker.self_describing_json.SelfDescribingJson object at 0x000001CA52F17ED0>]}


============================== 12:25:36.659064 | 138ce89d-95f8-4bd4-b6b6-2b03f2f70336 ==============================
[0m12:25:36.659064 [info ] [MainThread]: Running with dbt=1.10.13
[0m12:25:36.659516 [debug] [MainThread]: running dbt with arguments {'version_check': 'True', 'no_print': 'None', 'static_parser': 'True', 'warn_error_options': 'WarnErrorOptionsV2(error=[], warn=[], silence=[])', 'target_path': 'None', 'printer_width': '80', 'write_json': 'True', 'empty': 'None', 'log_cache_events': 'False', 'introspect': 'True', 'cache_selected_only': 'False', 'log_format': 'default', 'debug': 'False', 'fail_fast': 'False', 'profiles_dir': 'C:\\Users\\endro\\.dbt', 'send_anonymous_usage_stats': 'True', 'quiet': 'False', 'warn_error': 'None', 'partial_parse': 'True', 'use_colors': 'True', 'indirect_selection': 'eager', 'invocation_command': 'dbt deps', 'use_experimental_parser': 'False', 'log_path': 'logs'}
[0m12:25:36.659940 [error] [MainThread]: Encountered an error:
Runtime Error
  No dbt_project.yml found at expected path C:\Users\endro\Desktop\dbt_project\dbt_project\dbt_project.yml
  Verify that each entry within packages.yml (and their transitive dependencies) contains a file named dbt_project.yml
  
[0m12:25:36.660600 [debug] [MainThread]: Command `dbt deps` failed at 12:25:36.660515 after 0.07 seconds
[0m12:25:36.660831 [debug] [MainThread]: Sending event: {'category': 'dbt', 'action': 'invocation', 'label': 'end', 'context': [<snowplow_tracker.self_describing_json.SelfDescribingJson object at 0x000001CA52F708A0>, <snowplow_tracker.self_describing_json.SelfDescribingJson object at 0x000001CA52E03890>, <snowplow_tracker.self_describing_json.SelfDescribingJson object at 0x000001CA52D83AC0>]}
[0m12:25:36.661061 [debug] [MainThread]: Flushing usage events
[0m12:25:37.009828 [debug] [MainThread]: An error was encountered while trying to flush usage events
[0m12:25:48.863858 [debug] [MainThread]: Sending event: {'category': 'dbt', 'action': 'invocation', 'label': 'start', 'context': [<snowplow_tracker.self_describing_json.SelfDescribingJson object at 0x000001EA51E30D70>, <snowplow_tracker.self_describing_json.SelfDescribingJson object at 0x000001EA5378DD10>, <snowplow_tracker.self_describing_json.SelfDescribingJson object at 0x000001EA53E17D90>]}


============================== 12:25:48.867272 | 6ff2ba07-8b29-4244-b180-ea760b7c1166 ==============================
[0m12:25:48.867272 [info ] [MainThread]: Running with dbt=1.10.13
[0m12:25:48.867780 [debug] [MainThread]: running dbt with arguments {'version_check': 'True', 'no_print': 'None', 'static_parser': 'True', 'warn_error_options': 'WarnErrorOptionsV2(error=[], warn=[], silence=[])', 'target_path': 'None', 'printer_width': '80', 'write_json': 'True', 'empty': 'None', 'log_cache_events': 'False', 'introspect': 'True', 'cache_selected_only': 'False', 'fail_fast': 'False', 'debug': 'False', 'log_format': 'default', 'partial_parse': 'True', 'send_anonymous_usage_stats': 'True', 'quiet': 'False', 'warn_error': 'None', 'profiles_dir': 'C:\\Users\\endro\\.dbt', 'use_colors': 'True', 'invocation_command': 'dbt deps', 'indirect_selection': 'eager', 'use_experimental_parser': 'False', 'log_path': 'logs'}
[0m12:25:48.868199 [error] [MainThread]: Encountered an error:
Runtime Error
  No dbt_project.yml found at expected path C:\Users\endro\Desktop\dbt_project\dbt_project\dbt_project.yml
  Verify that each entry within packages.yml (and their transitive dependencies) contains a file named dbt_project.yml
  
[0m12:25:48.868897 [debug] [MainThread]: Command `dbt deps` failed at 12:25:48.868811 after 0.07 seconds
[0m12:25:48.869121 [debug] [MainThread]: Sending event: {'category': 'dbt', 'action': 'invocation', 'label': 'end', 'context': [<snowplow_tracker.self_describing_json.SelfDescribingJson object at 0x000001EA53E74770>, <snowplow_tracker.self_describing_json.SelfDescribingJson object at 0x000001EA53D03890>, <snowplow_tracker.self_describing_json.SelfDescribingJson object at 0x000001EA53C83AC0>]}
[0m12:25:48.869397 [debug] [MainThread]: Flushing usage events
[0m12:25:49.192688 [debug] [MainThread]: An error was encountered while trying to flush usage events
[0m08:53:25.313345 [debug] [MainThread]: Sending event: {'category': 'dbt', 'action': 'invocation', 'label': 'start', 'context': [<snowplow_tracker.self_describing_json.SelfDescribingJson object at 0x000001FDA7A00D70>, <snowplow_tracker.self_describing_json.SelfDescribingJson object at 0x000001FDA92A9BD0>, <snowplow_tracker.self_describing_json.SelfDescribingJson object at 0x000001FDA9917ED0>]}


============================== 08:53:25.316972 | f0bf9bba-6bbb-4402-a311-fcb057168f72 ==============================
[0m08:53:25.316972 [info ] [MainThread]: Running with dbt=1.10.13
[0m08:53:25.317456 [debug] [MainThread]: running dbt with arguments {'static_parser': 'True', 'no_print': 'None', 'version_check': 'True', 'target_path': 'None', 'warn_error_options': 'WarnErrorOptionsV2(error=[], warn=[], silence=[])', 'printer_width': '80', 'write_json': 'True', 'introspect': 'True', 'log_cache_events': 'False', 'empty': 'False', 'cache_selected_only': 'False', 'log_format': 'default', 'debug': 'False', 'fail_fast': 'False', 'profiles_dir': 'C:\\Users\\endro\\.dbt', 'send_anonymous_usage_stats': 'True', 'quiet': 'False', 'warn_error': 'None', 'partial_parse': 'True', 'indirect_selection': 'eager', 'invocation_command': 'dbt run --select dim_products', 'use_colors': 'True', 'use_experimental_parser': 'False', 'log_path': 'logs'}
[0m08:53:25.317835 [error] [MainThread]: Encountered an error:
Runtime Error
  No dbt_project.yml found at expected path C:\Users\endro\Desktop\dbt_project\dbt_project\dbt_project.yml
  Verify that each entry within packages.yml (and their transitive dependencies) contains a file named dbt_project.yml
  
[0m08:53:25.318510 [debug] [MainThread]: Command `dbt run` failed at 08:53:25.318415 after 0.07 seconds
[0m08:53:25.318752 [debug] [MainThread]: Sending event: {'category': 'dbt', 'action': 'invocation', 'label': 'end', 'context': [<snowplow_tracker.self_describing_json.SelfDescribingJson object at 0x000001FDA99708A0>, <snowplow_tracker.self_describing_json.SelfDescribingJson object at 0x000001FDA9803890>, <snowplow_tracker.self_describing_json.SelfDescribingJson object at 0x000001FDA97839B0>]}
[0m08:53:25.318978 [debug] [MainThread]: Flushing usage events
[0m08:53:25.664842 [debug] [MainThread]: An error was encountered while trying to flush usage events
