[0m08:52:54.117564 [debug] [MainThread]: Sending event: {'category': 'dbt', 'action': 'invocation', 'label': 'start', 'context': [<snowplow_tracker.self_describing_json.SelfDescribingJson object at 0x000001AE65CF8D70>, <snowplow_tracker.self_describing_json.SelfDescribingJson object at 0x000001AE675A1BD0>, <snowplow_tracker.self_describing_json.SelfDescribingJson object at 0x000001AE67C0FED0>]}


============================== 08:52:54.120864 | 0b57ac6a-8392-4a94-819b-c33eb5615499 ==============================
[0m08:52:54.120864 [info ] [MainThread]: Running with dbt=1.10.13
[0m08:52:54.121337 [debug] [MainThread]: running dbt with arguments {'static_parser': 'True', 'no_print': 'None', 'version_check': 'True', 'target_path': 'None', 'warn_error_options': 'WarnErrorOptionsV2(error=[], warn=[], silence=[])', 'printer_width': '80', 'write_json': 'True', 'empty': 'None', 'log_cache_events': 'False', 'introspect': 'True', 'cache_selected_only': 'False', 'log_format': 'default', 'debug': 'False', 'fail_fast': 'False', 'profiles_dir': 'C:\\Users\\endro\\.dbt', 'send_anonymous_usage_stats': 'True', 'quiet': 'False', 'warn_error': 'None', 'partial_parse': 'True', 'use_colors': 'True', 'indirect_selection': 'eager', 'invocation_command': 'dbt init dlnerds_store', 'use_experimental_parser': 'False', 'log_path': 'logs'}
[0m08:52:54.138952 [debug] [MainThread]: Starter project path: C:\Users\endro\Desktop\dbt_project\.venv\Lib\site-packages\dbt\include\starter_project
[0m08:52:54.157653 [info ] [MainThread]: 
Your new dbt project "dlnerds_store" was created!

For more information on how to configure the profiles.yml file,
please consult the dbt documentation here:

  https://docs.getdbt.com/docs/configure-your-profile

One more thing:

Need help? Don't hesitate to reach out to us via GitHub issues or on Slack:

  https://community.getdbt.com/

Happy modeling!

[0m08:52:54.158129 [info ] [MainThread]: Setting up your profile.
[0m08:53:08.967950 [debug] [MainThread]: Command `dbt init` succeeded at 08:53:08.967750 after 14.91 seconds
[0m08:53:08.968341 [debug] [MainThread]: Sending event: {'category': 'dbt', 'action': 'invocation', 'label': 'end', 'context': [<snowplow_tracker.self_describing_json.SelfDescribingJson object at 0x000001AE67C61F30>, <snowplow_tracker.self_describing_json.SelfDescribingJson object at 0x000001AE67CC79B0>, <snowplow_tracker.self_describing_json.SelfDescribingJson object at 0x000001AE67A77680>]}
[0m08:53:08.968696 [debug] [MainThread]: Flushing usage events
[0m08:53:09.277087 [debug] [MainThread]: An error was encountered while trying to flush usage events
[0m09:18:49.204537 [debug] [MainThread]: Sending event: {'category': 'dbt', 'action': 'invocation', 'label': 'start', 'context': [<snowplow_tracker.self_describing_json.SelfDescribingJson object at 0x000001D90C9FCD70>, <snowplow_tracker.self_describing_json.SelfDescribingJson object at 0x000001D90E2A1BD0>, <snowplow_tracker.self_describing_json.SelfDescribingJson object at 0x000001D90E90FED0>]}


============================== 09:18:49.207893 | 0f7e5148-a522-4ecd-9eac-c30b43e6da95 ==============================
[0m09:18:49.207893 [info ] [MainThread]: Running with dbt=1.10.13
[0m09:18:49.208343 [debug] [MainThread]: running dbt with arguments {'static_parser': 'True', 'no_print': 'None', 'version_check': 'True', 'target_path': 'None', 'warn_error_options': 'WarnErrorOptionsV2(error=[], warn=[], silence=[])', 'printer_width': '80', 'write_json': 'True', 'empty': 'None', 'log_cache_events': 'False', 'introspect': 'True', 'cache_selected_only': 'False', 'log_format': 'default', 'debug': 'False', 'fail_fast': 'False', 'profiles_dir': 'C:\\Users\\endro\\.dbt', 'send_anonymous_usage_stats': 'True', 'quiet': 'False', 'warn_error': 'None', 'partial_parse': 'True', 'invocation_command': 'dbt seed', 'use_colors': 'True', 'indirect_selection': 'eager', 'use_experimental_parser': 'False', 'log_path': 'logs'}
[0m09:18:49.208670 [error] [MainThread]: Encountered an error:
Runtime Error
  No dbt_project.yml found at expected path C:\Users\endro\Desktop\dbt_project\dbt_project.yml
  Verify that each entry within packages.yml (and their transitive dependencies) contains a file named dbt_project.yml
  
[0m09:18:49.209340 [debug] [MainThread]: Command `dbt seed` failed at 09:18:49.209248 after 0.08 seconds
[0m09:18:49.209573 [debug] [MainThread]: Sending event: {'category': 'dbt', 'action': 'invocation', 'label': 'end', 'context': [<snowplow_tracker.self_describing_json.SelfDescribingJson object at 0x000001D90E9648A0>, <snowplow_tracker.self_describing_json.SelfDescribingJson object at 0x000001D90E7F7890>, <snowplow_tracker.self_describing_json.SelfDescribingJson object at 0x000001D90E777790>]}
[0m09:18:49.209804 [debug] [MainThread]: Flushing usage events
[0m09:18:49.506673 [debug] [MainThread]: An error was encountered while trying to flush usage events
[0m11:40:48.325682 [debug] [MainThread]: Sending event: {'category': 'dbt', 'action': 'invocation', 'label': 'start', 'context': [<snowplow_tracker.self_describing_json.SelfDescribingJson object at 0x000001B8666FCD70>, <snowplow_tracker.self_describing_json.SelfDescribingJson object at 0x000001B866F85D10>, <snowplow_tracker.self_describing_json.SelfDescribingJson object at 0x000001B86860FD90>]}


============================== 11:40:48.349207 | 3190e0b7-4128-4d6c-8cfe-d5b62e48a16b ==============================
[0m11:40:48.349207 [info ] [MainThread]: Running with dbt=1.10.13
[0m11:40:48.349711 [debug] [MainThread]: running dbt with arguments {'version_check': 'True', 'no_print': 'None', 'static_parser': 'True', 'target_path': 'None', 'warn_error_options': 'WarnErrorOptionsV2(error=[], warn=[], silence=[])', 'printer_width': '80', 'write_json': 'True', 'empty': 'False', 'log_cache_events': 'False', 'introspect': 'True', 'cache_selected_only': 'False', 'fail_fast': 'False', 'debug': 'False', 'log_format': 'default', 'partial_parse': 'True', 'send_anonymous_usage_stats': 'True', 'quiet': 'False', 'warn_error': 'None', 'profiles_dir': 'C:\\Users\\endro\\.dbt', 'invocation_command': 'dbt compile --select country_cleanred', 'use_colors': 'True', 'indirect_selection': 'eager', 'use_experimental_parser': 'False', 'log_path': 'logs'}
[0m11:40:48.350058 [error] [MainThread]: Encountered an error:
Runtime Error
  No dbt_project.yml found at expected path C:\Users\endro\Desktop\dbt_project\dbt_project.yml
  Verify that each entry within packages.yml (and their transitive dependencies) contains a file named dbt_project.yml
  
[0m11:40:48.350711 [debug] [MainThread]: Command `dbt compile` failed at 11:40:48.350621 after 0.11 seconds
[0m11:40:48.350942 [debug] [MainThread]: Sending event: {'category': 'dbt', 'action': 'invocation', 'label': 'end', 'context': [<snowplow_tracker.self_describing_json.SelfDescribingJson object at 0x000001B868664770>, <snowplow_tracker.self_describing_json.SelfDescribingJson object at 0x000001B8684FB890>, <snowplow_tracker.self_describing_json.SelfDescribingJson object at 0x000001B868477790>]}
[0m11:40:48.351208 [debug] [MainThread]: Flushing usage events
[0m11:40:48.781098 [debug] [MainThread]: An error was encountered while trying to flush usage events
